Archive member included to satisfy reference by file (symbol)

D:/stmcubeide/STM32CubeIDE_1.14.1/STM32CubeIDE/plugins/com.st.stm32cube.ide.mcu.externaltools.gnu-tools-for-stm32.11.3.rel1.win32_1.1.100.202309141235/tools/bin/../lib/gcc/arm-none-eabi/11.3.1/../../../../arm-none-eabi/lib/thumb/v7e-m+fp/hard\libc_nano.a(libc_a-exit.o)
                              D:/stmcubeide/STM32CubeIDE_1.14.1/STM32CubeIDE/plugins/com.st.stm32cube.ide.mcu.externaltools.gnu-tools-for-stm32.11.3.rel1.win32_1.1.100.202309141235/tools/bin/../lib/gcc/arm-none-eabi/11.3.1/../../../../arm-none-eabi/lib/thumb/v7e-m+fp/hard/crt0.o (exit)
D:/stmcubeide/STM32CubeIDE_1.14.1/STM32CubeIDE/plugins/com.st.stm32cube.ide.mcu.externaltools.gnu-tools-for-stm32.11.3.rel1.win32_1.1.100.202309141235/tools/bin/../lib/gcc/arm-none-eabi/11.3.1/../../../../arm-none-eabi/lib/thumb/v7e-m+fp/hard\libc_nano.a(libc_a-findfp.o)
                              D:/stmcubeide/STM32CubeIDE_1.14.1/STM32CubeIDE/plugins/com.st.stm32cube.ide.mcu.externaltools.gnu-tools-for-stm32.11.3.rel1.win32_1.1.100.202309141235/tools/bin/../lib/gcc/arm-none-eabi/11.3.1/../../../../arm-none-eabi/lib/thumb/v7e-m+fp/hard\libc_nano.a(libc_a-exit.o) (__stdio_exit_handler)
D:/stmcubeide/STM32CubeIDE_1.14.1/STM32CubeIDE/plugins/com.st.stm32cube.ide.mcu.externaltools.gnu-tools-for-stm32.11.3.rel1.win32_1.1.100.202309141235/tools/bin/../lib/gcc/arm-none-eabi/11.3.1/../../../../arm-none-eabi/lib/thumb/v7e-m+fp/hard\libc_nano.a(libc_a-fwalk.o)
                              D:/stmcubeide/STM32CubeIDE_1.14.1/STM32CubeIDE/plugins/com.st.stm32cube.ide.mcu.externaltools.gnu-tools-for-stm32.11.3.rel1.win32_1.1.100.202309141235/tools/bin/../lib/gcc/arm-none-eabi/11.3.1/../../../../arm-none-eabi/lib/thumb/v7e-m+fp/hard\libc_nano.a(libc_a-findfp.o) (_fwalk_sglue)
D:/stmcubeide/STM32CubeIDE_1.14.1/STM32CubeIDE/plugins/com.st.stm32cube.ide.mcu.externaltools.gnu-tools-for-stm32.11.3.rel1.win32_1.1.100.202309141235/tools/bin/../lib/gcc/arm-none-eabi/11.3.1/../../../../arm-none-eabi/lib/thumb/v7e-m+fp/hard\libc_nano.a(libc_a-stdio.o)
                              D:/stmcubeide/STM32CubeIDE_1.14.1/STM32CubeIDE/plugins/com.st.stm32cube.ide.mcu.externaltools.gnu-tools-for-stm32.11.3.rel1.win32_1.1.100.202309141235/tools/bin/../lib/gcc/arm-none-eabi/11.3.1/../../../../arm-none-eabi/lib/thumb/v7e-m+fp/hard\libc_nano.a(libc_a-findfp.o) (__sread)
D:/stmcubeide/STM32CubeIDE_1.14.1/STM32CubeIDE/plugins/com.st.stm32cube.ide.mcu.externaltools.gnu-tools-for-stm32.11.3.rel1.win32_1.1.100.202309141235/tools/bin/../lib/gcc/arm-none-eabi/11.3.1/../../../../arm-none-eabi/lib/thumb/v7e-m+fp/hard\libc_nano.a(libc_a-memset.o)
                              D:/stmcubeide/STM32CubeIDE_1.14.1/STM32CubeIDE/plugins/com.st.stm32cube.ide.mcu.externaltools.gnu-tools-for-stm32.11.3.rel1.win32_1.1.100.202309141235/tools/bin/../lib/gcc/arm-none-eabi/11.3.1/../../../../arm-none-eabi/lib/thumb/v7e-m+fp/hard/crt0.o (memset)
D:/stmcubeide/STM32CubeIDE_1.14.1/STM32CubeIDE/plugins/com.st.stm32cube.ide.mcu.externaltools.gnu-tools-for-stm32.11.3.rel1.win32_1.1.100.202309141235/tools/bin/../lib/gcc/arm-none-eabi/11.3.1/../../../../arm-none-eabi/lib/thumb/v7e-m+fp/hard\libc_nano.a(libc_a-closer.o)
                              D:/stmcubeide/STM32CubeIDE_1.14.1/STM32CubeIDE/plugins/com.st.stm32cube.ide.mcu.externaltools.gnu-tools-for-stm32.11.3.rel1.win32_1.1.100.202309141235/tools/bin/../lib/gcc/arm-none-eabi/11.3.1/../../../../arm-none-eabi/lib/thumb/v7e-m+fp/hard\libc_nano.a(libc_a-stdio.o) (_close_r)
D:/stmcubeide/STM32CubeIDE_1.14.1/STM32CubeIDE/plugins/com.st.stm32cube.ide.mcu.externaltools.gnu-tools-for-stm32.11.3.rel1.win32_1.1.100.202309141235/tools/bin/../lib/gcc/arm-none-eabi/11.3.1/../../../../arm-none-eabi/lib/thumb/v7e-m+fp/hard\libc_nano.a(libc_a-reent.o)
                              D:/stmcubeide/STM32CubeIDE_1.14.1/STM32CubeIDE/plugins/com.st.stm32cube.ide.mcu.externaltools.gnu-tools-for-stm32.11.3.rel1.win32_1.1.100.202309141235/tools/bin/../lib/gcc/arm-none-eabi/11.3.1/../../../../arm-none-eabi/lib/thumb/v7e-m+fp/hard\libc_nano.a(libc_a-closer.o) (errno)
D:/stmcubeide/STM32CubeIDE_1.14.1/STM32CubeIDE/plugins/com.st.stm32cube.ide.mcu.externaltools.gnu-tools-for-stm32.11.3.rel1.win32_1.1.100.202309141235/tools/bin/../lib/gcc/arm-none-eabi/11.3.1/../../../../arm-none-eabi/lib/thumb/v7e-m+fp/hard\libc_nano.a(libc_a-impure.o)
                              D:/stmcubeide/STM32CubeIDE_1.14.1/STM32CubeIDE/plugins/com.st.stm32cube.ide.mcu.externaltools.gnu-tools-for-stm32.11.3.rel1.win32_1.1.100.202309141235/tools/bin/../lib/gcc/arm-none-eabi/11.3.1/../../../../arm-none-eabi/lib/thumb/v7e-m+fp/hard\libc_nano.a(libc_a-reent.o) (_impure_ptr)
D:/stmcubeide/STM32CubeIDE_1.14.1/STM32CubeIDE/plugins/com.st.stm32cube.ide.mcu.externaltools.gnu-tools-for-stm32.11.3.rel1.win32_1.1.100.202309141235/tools/bin/../lib/gcc/arm-none-eabi/11.3.1/../../../../arm-none-eabi/lib/thumb/v7e-m+fp/hard\libc_nano.a(libc_a-lseekr.o)
[...]
Memory Configuration

Name             Origin             Length             Attributes
RAM              0x0000000020000000 0x0000000000020000 xrw
FLASH            0x0000000008000000 0x0000000000080000 xr
*default*        0x0000000000000000 0xffffffffffffffff

Linker script and memory map

LOAD D:/stmcubeide/STM32CubeIDE_1.14.1/STM32CubeIDE/plugins/com.st.stm32cube.ide.mcu.externaltools.gnu-tools-for-stm32.11.3.rel1.win32_1.1.100.202309141235/tools/bin/../lib/gcc/arm-none-eabi/11.3.1/thumb/v7e-m+fp/hard/crti.o
LOAD D:/stmcubeide/STM32CubeIDE_1.14.1/STM32CubeIDE/plugins/com.st.stm32cube.ide.mcu.externaltools.gnu-tools-for-stm32.11.3.rel1.win32_1.1.100.202309141235/tools/bin/../lib/gcc/arm-none-eabi/11.3.1/thumb/v7e-m+fp/hard/crtbegin.o
LOAD D:/stmcubeide/STM32CubeIDE_1.14.1/STM32CubeIDE/plugins/com.st.stm32cube.ide.mcu.externaltools.gnu-tools-for-stm32.11.3.rel1.win32_1.1.100.202309141235/tools/bin/../lib/gcc/arm-none-eabi/11.3.1/../../../../arm-none-eabi/lib/thumb/v7e-m+fp/hard/crt0.o
LOAD ./Src/syscalls.o
LOAD ./Src/sysmem.o
LOAD ./Src/usart_tx.o
LOAD ./Startup/startup_stm32f446retx.o
LOAD ./drivers/Src/stm32446re_i2c_driver.o
LOAD ./drivers/Src/stm32f446re_gpio_driver.o
LOAD ./drivers/Src/stm32f446re_rcc_driver.o
LOAD ./drivers/Src/stm32f446re_spi_driver.o
LOAD ./drivers/Src/stm32f446re_usart_driver.o
START GROUP
LOAD D:/stmcubeide/STM32CubeIDE_1.14.1/STM32CubeIDE/plugins/com.st.stm32cube.ide.mcu.externaltools.gnu-tools-for-stm32.11.3.rel1.win32_1.1.100.202309141235/tools/bin/../lib/gcc/arm-none-eabi/11.3.1/../../../../arm-none-eabi/lib/thumb/v7e-m+fp/hard\libc_nano.a
LOAD D:/stmcubeide/STM32CubeIDE_1.14.1/STM32CubeIDE/plugins/com.st.stm32cube.ide.mcu.externaltools.gnu-tools-for-stm32.11.3.rel1.win32_1.1.100.202309141235/tools/bin/../lib/gcc/arm-none-eabi/11.3.1/../../../../arm-none-eabi/lib/thumb/v7e-m+fp/hard\libm.a
END GROUP
START GROUP
LOAD D:/stmcubeide/STM32CubeIDE_1.14.1/STM32CubeIDE/plugins/com.st.stm32cube.ide.mcu.externaltools.gnu-tools-for-stm32.11.3.rel1.win32_1.1.100.202309141235/tools/bin/../lib/gcc/arm-none-eabi/11.3.1/thumb/v7e-m+fp/hard\libgcc.a
LOAD D:/stmcubeide/STM32CubeIDE_1.14.1/STM32CubeIDE/plugins/com.st.stm32cube.ide.mcu.externaltools.gnu-tools-for-stm32.11.3.rel1.win32_1.1.100.202309141235/tools/bin/../lib/gcc/arm-none-eabi/11.3.1/../../../../arm-none-eabi/lib/thumb/v7e-m+fp/hard\libc_nano.a
END GROUP
START GROUP
LOAD D:/stmcubeide/STM32CubeIDE_1.14.1/STM32CubeIDE/plugins/com.st.stm32cube.ide.mcu.externaltools.gnu-tools-for-stm32.11.3.rel1.win32_1.1.100.202309141235/tools/bin/../lib/gcc/arm-none-eabi/11.3.1/thumb/v7e-m+fp/hard\libgcc.a
LOAD D:/stmcubeide/STM32CubeIDE_1.14.1/STM32CubeIDE/plugins/com.st.stm32cube.ide.mcu.externaltools.gnu-tools-for-stm32.11.3.rel1.win32_1.1.100.202309141235/tools/bin/../lib/gcc/arm-none-eabi/11.3.1/../../../../arm-none-eabi/lib/thumb/v7e-m+fp/hard\libc_nano.a
LOAD D:/stmcubeide/STM32CubeIDE_1.14.1/STM32CubeIDE/plugins/com.st.stm32cube.ide.mcu.externaltools.gnu-tools-for-stm32.11.3.rel1.win32_1.1.100.202309141235/tools/bin/../lib/gcc/arm-none-eabi/11.3.1/../../../../arm-none-eabi/lib/thumb/v7e-m+fp/hard\libnosys.a
END GROUP
START GROUP
LOAD D:/stmcubeide/STM32CubeIDE_1.14.1/STM32CubeIDE/plugins/com.st.stm32cube.ide.mcu.externaltools.gnu-tools-for-stm32.11.3.rel1.win32_1.1.100.202309141235/tools/bin/../lib/gcc/arm-none-eabi/11.3.1/thumb/v7e-m+fp/hard\libgcc.a
LOAD D:/stmcubeide/STM32CubeIDE_1.14.1/STM32CubeIDE/plugins/com.st.stm32cube.ide.mcu.externaltools.gnu-tools-for-stm32.11.3.rel1.win32_1.1.100.202309141235/tools/bin/../lib/gcc/arm-none-eabi/11.3.1/../../../../arm-none-eabi/lib/thumb/v7e-m+fp/hard\libc_nano.a
LOAD D:/stmcubeide/STM32CubeIDE_1.14.1/STM32CubeIDE/plugins/com.st.stm32cube.ide.mcu.externaltools.gnu-tools-for-stm32.11.3.rel1.win32_1.1.100.202309141235/tools/bin/../lib/gcc/arm-none-eabi/11.3.1/../../../../arm-none-eabi/lib/thumb/v7e-m+fp/hard\libnosys.a
END GROUP
LOAD D:/stmcubeide/STM32CubeIDE_1.14.1/STM32CubeIDE/plugins/com.st.stm32cube.ide.mcu.externaltools.gnu-tools-for-stm32.11.3.rel1.win32_1.1.100.202309141235/tools/bin/../lib/gcc/arm-none-eabi/11.3.1/thumb/v7e-m+fp/hard/crtend.o
LOAD D:/stmcubeide/STM32CubeIDE_1.14.1/STM32CubeIDE/plugins/com.st.stm32cube.ide.mcu.externaltools.gnu-tools-for-stm32.11.3.rel1.win32_1.1.100.202309141235/tools/bin/../lib/gcc/arm-none-eabi/11.3.1/thumb/v7e-m+fp/hard/crtn.o
                0x0000000020020000                _estack = (ORIGIN (RAM) + LENGTH (RAM))
                0x0000000000000200                _Min_Heap_Size = 0x200
                0x0000000000000400                _Min_Stack_Size = 0x400

.isr_vector     0x0000000008000000      0x1c4
                0x0000000008000000                . = ALIGN (0x4)
 *(.isr_vector)
 .isr_vector    0x0000000008000000      0x1c4 ./Startup/startup_stm32f446retx.o
                0x0000000008000000                g_pfnVectors
                0x00000000080001c4                . = ALIGN (0x4)

.text           0x00000000080001c4      0xba0
                0x00000000080001c4                . = ALIGN (0x4)
 *(.text)
 .text          0x00000000080001c4       0x40 D:/stmcubeide/STM32CubeIDE_1.14.1/STM32CubeIDE/plugins/com.st.stm32cube.ide.mcu.externaltools.gnu-tools-for-stm32.11.3.rel1.win32_1.1.100.202309141235/tools/bin/../lib/gcc/arm-none-eabi/11.3.1/thumb/v7e-m+fp/hard/crtbegin.o
 .text          0x0000000008000204       0x10 D:/stmcubeide/STM32CubeIDE_1.14.1/STM32CubeIDE/plugins/com.st.stm32cube.ide.mcu.externaltools.gnu-tools-for-stm32.11.3.rel1.win32_1.1.100.202309141235/tools/bin/../lib/gcc/arm-none-eabi/11.3.1/../../../../arm-none-eabi/lib/thumb/v7e-m+fp/hard\libc_nano.a(libc_a-strlen.o)
                0x0000000008000204                strlen
 *(.text*)
 .text.USART2_Init
                0x0000000008000214       0x44 ./Src/usart_tx.o
                0x0000000008000214                USART2_Init
 .text.USART2_GPIOInit
                0x0000000008000258       0x44 ./Src/usart_tx.o
                0x0000000008000258                USART2_GPIOInit
 .text.GPIO_ButtonInit
                0x000000000800029c       0x54 ./Src/usart_tx.o
                0x000000000800029c                GPIO_ButtonInit
 .text.delay    0x00000000080002f0       0x2c ./Src/usart_tx.o
                0x00000000080002f0                delay
 .text.main     0x000000000800031c       0x50 ./Src/usart_tx.o
                0x000000000800031c                main
 .text.Reset_Handler
                0x000000000800036c       0x50 ./Startup/startup_stm32f446retx.o
                0x000000000800036c                Reset_Handler
 .text.Default_Handler
                0x00000000080003bc        0x2 ./Startup/startup_stm32f446retx.o
                0x00000000080003bc                RTC_Alarm_IRQHandler
                0x00000000080003bc                EXTI2_IRQHandler
                0x00000000080003bc                TIM8_CC_IRQHandler
                0x00000000080003bc                SPDIF_Rx_IRQHandler
                0x00000000080003bc                DebugMon_Handler
                0x00000000080003bc                SPI4_IRQHandler
                0x00000000080003bc                TIM1_CC_IRQHandler
                0x00000000080003bc                QuadSPI_IRQHandler
                0x00000000080003bc                DMA2_Stream5_IRQHandler
                0x00000000080003bc                HardFault_Handler
                0x00000000080003bc                DMA1_Stream5_IRQHandler
                0x00000000080003bc                SysTick_Handler
                0x00000000080003bc                PVD_IRQHandler
                0x00000000080003bc                SDIO_IRQHandler
                0x00000000080003bc                TAMP_STAMP_IRQHandler
                0x00000000080003bc                PendSV_Handler
                0x00000000080003bc                NMI_Handler
                0x00000000080003bc                CAN2_RX1_IRQHandler
                0x00000000080003bc                EXTI3_IRQHandler
                0x00000000080003bc                TIM8_TRG_COM_TIM14_IRQHandler
                0x00000000080003bc                TIM1_UP_TIM10_IRQHandler
                0x00000000080003bc                FMPI2C1_error_IRQHandler
                0x00000000080003bc                TIM8_UP_TIM13_IRQHandler
                0x00000000080003bc                I2C3_ER_IRQHandler
                0x00000000080003bc                EXTI0_IRQHandler
                0x00000000080003bc                I2C2_EV_IRQHandler
                0x00000000080003bc                DMA1_Stream2_IRQHandler
                0x00000000080003bc                CAN1_RX0_IRQHandler
                0x00000000080003bc                OTG_HS_WKUP_IRQHandler
                0x00000000080003bc                UsageFault_Handler
                0x00000000080003bc                CAN2_SCE_IRQHandler
                0x00000000080003bc                DMA2_Stream2_IRQHandler
                0x00000000080003bc                SPI1_IRQHandler
                0x00000000080003bc                TIM6_DAC_IRQHandler
                0x00000000080003bc                TIM1_BRK_TIM9_IRQHandler
                0x00000000080003bc                DCMI_IRQHandler
                0x00000000080003bc                CAN2_RX0_IRQHandler
                0x00000000080003bc                DMA2_Stream3_IRQHandler
                0x00000000080003bc                FMPI2C1_IRQHandler
                0x00000000080003bc                SAI2_IRQHandler
                0x00000000080003bc                USART6_IRQHandler
                0x00000000080003bc                USART3_IRQHandler
                0x00000000080003bc                CAN1_RX1_IRQHandler
                0x00000000080003bc                UART5_IRQHandler
                0x00000000080003bc                DMA2_Stream0_IRQHandler
                0x00000000080003bc                TIM4_IRQHandler
                0x00000000080003bc                I2C1_EV_IRQHandler
                0x00000000080003bc                HDMI_CEC_IRQHandler
                0x00000000080003bc                DMA1_Stream6_IRQHandler
                0x00000000080003bc                DMA1_Stream1_IRQHandler
                0x00000000080003bc                UART4_IRQHandler
                0x00000000080003bc                TIM3_IRQHandler
                0x00000000080003bc                RCC_IRQHandler
                0x00000000080003bc                TIM8_BRK_TIM12_IRQHandler
                0x00000000080003bc                Default_Handler
                0x00000000080003bc                EXTI15_10_IRQHandler
                0x00000000080003bc                ADC_IRQHandler
                0x00000000080003bc                DMA1_Stream7_IRQHandler
                0x00000000080003bc                TIM7_IRQHandler
                0x00000000080003bc                CAN2_TX_IRQHandler
                0x00000000080003bc                TIM5_IRQHandler
                0x00000000080003bc                DMA2_Stream7_IRQHandler
                0x00000000080003bc                I2C3_EV_IRQHandler
                0x00000000080003bc                EXTI9_5_IRQHandler
                0x00000000080003bc                RTC_WKUP_IRQHandler
                0x00000000080003bc                SPI2_IRQHandler
                0x00000000080003bc                OTG_HS_EP1_IN_IRQHandler
                0x00000000080003bc                MemManage_Handler
                0x00000000080003bc                DMA1_Stream0_IRQHandler
                0x00000000080003bc                CAN1_TX_IRQHandler
                0x00000000080003bc                SVC_Handler
                0x00000000080003bc                EXTI4_IRQHandler
                0x00000000080003bc                OTG_HS_EP1_OUT_IRQHandler
                0x00000000080003bc                WWDG_IRQHandler
                0x00000000080003bc                TIM2_IRQHandler
                0x00000000080003bc                OTG_FS_WKUP_IRQHandler
                0x00000000080003bc                TIM1_TRG_COM_TIM11_IRQHandler
                0x00000000080003bc                OTG_HS_IRQHandler
                0x00000000080003bc                EXTI1_IRQHandler
                0x00000000080003bc                USART2_IRQHandler
                0x00000000080003bc                I2C2_ER_IRQHandler
                0x00000000080003bc                DMA2_Stream1_IRQHandler
                0x00000000080003bc                CAN1_SCE_IRQHandler
                0x00000000080003bc                FLASH_IRQHandler
                0x00000000080003bc                DMA2_Stream4_IRQHandler
                0x00000000080003bc                BusFault_Handler
                0x00000000080003bc                USART1_IRQHandler
                0x00000000080003bc                OTG_FS_IRQHandler
                0x00000000080003bc                SPI3_IRQHandler
                0x00000000080003bc                DMA1_Stream4_IRQHandler
                0x00000000080003bc                I2C1_ER_IRQHandler
                0x00000000080003bc                FMC_IRQHandler
                0x00000000080003bc                DMA2_Stream6_IRQHandler
                0x00000000080003bc                SAI1_IRQHandler
                0x00000000080003bc                DMA1_Stream3_IRQHandler
 *fill*         0x00000000080003be        0x2 
 .text.GPIO_PeriClockControl
                0x00000000080003c0      0x10c ./drivers/Src/stm32f446re_gpio_driver.o
                0x00000000080003c0                GPIO_PeriClockControl
 .text.GPIO_Init
                0x00000000080004cc      0x338 ./drivers/Src/stm32f446re_gpio_driver.o
                0x00000000080004cc                GPIO_Init
 .text.GPIO_ReadFromInputPin
                0x0000000008000804       0x2c ./drivers/Src/stm32f446re_gpio_driver.o
                0x0000000008000804                GPIO_ReadFromInputPin
 .text.RCC_GetPCLK1Value
                0x0000000008000830       0xb0 ./drivers/Src/stm32f446re_rcc_driver.o
                0x0000000008000830                RCC_GetPCLK1Value
 .text.RCC_GetPCLK2Value
                0x00000000080008e0       0xa0 ./drivers/Src/stm32f446re_rcc_driver.o
                0x00000000080008e0                RCC_GetPCLK2Value
 .text.RCC_GetPLLOutputClock
                0x0000000008000980       0x10 ./drivers/Src/stm32f446re_rcc_driver.o
                0x0000000008000980                RCC_GetPLLOutputClock
 .text.USART_SetBaudRate
                0x0000000008000990       0xe4 ./drivers/Src/stm32f446re_usart_driver.o
                0x0000000008000990                USART_SetBaudRate
 .text.USART_Init
                0x0000000008000a74      0x106 ./drivers/Src/stm32f446re_usart_driver.o
                0x0000000008000a74                USART_Init
 .text.USART_PeripheralControl
                0x0000000008000b7a       0x38 ./drivers/Src/stm32f446re_usart_driver.o
                0x0000000008000b7a                USART_PeripheralControl
 *fill*         0x0000000008000bb2        0x2 
 .text.USART_PeriClockControl
                0x0000000008000bb4       0x88 ./drivers/Src/stm32f446re_usart_driver.o
                0x0000000008000bb4                USART_PeriClockControl
 .text.USART_GetFlagStatus
                0x0000000008000c3c       0x2a ./drivers/Src/stm32f446re_usart_driver.o
                0x0000000008000c3c                USART_GetFlagStatus
 .text.USART_SendData
                0x0000000008000c66       0x9c ./drivers/Src/stm32f446re_usart_driver.o
                0x0000000008000c66                USART_SendData
 *fill*         0x0000000008000d02        0x2 
 .text.__libc_init_array
                0x0000000008000d04       0x48 D:/stmcubeide/STM32CubeIDE_1.14.1/STM32CubeIDE/plugins/com.st.stm32cube.ide.mcu.externaltools.gnu-tools-for-stm32.11.3.rel1.win32_1.1.100.202309141235/tools/bin/../lib/gcc/arm-none-eabi/11.3.1/../../../../arm-none-eabi/lib/thumb/v7e-m+fp/hard\libc_nano.a(libc_a-init.o)
                0x0000000008000d04                __libc_init_array
 *(.glue_7)
 .glue_7        0x0000000008000d4c        0x0 linker stubs
 *(.glue_7t)
 .glue_7t       0x0000000008000d4c        0x0 linker stubs
 *(.eh_frame)
 .eh_frame      0x0000000008000d4c        0x0 D:/stmcubeide/STM32CubeIDE_1.14.1/STM32CubeIDE/plugins/com.st.stm32cube.ide.mcu.externaltools.gnu-tools-for-stm32.11.3.rel1.win32_1.1.100.202309141235/tools/bin/../lib/gcc/arm-none-eabi/11.3.1/thumb/v7e-m+fp/hard/crtbegin.o
 *(.init)
 .init          0x0000000008000d4c        0x4 D:/stmcubeide/STM32CubeIDE_1.14.1/STM32CubeIDE/plugins/com.st.stm32cube.ide.mcu.externaltools.gnu-tools-for-stm32.11.3.rel1.win32_1.1.100.202309141235/tools/bin/../lib/gcc/arm-none-eabi/11.3.1/thumb/v7e-m+fp/hard/crti.o
                0x0000000008000d4c                _init
 .init          0x0000000008000d50        0x8 D:/stmcubeide/STM32CubeIDE_1.14.1/STM32CubeIDE/plugins/com.st.stm32cube.ide.mcu.externaltools.gnu-tools-for-stm32.11.3.rel1.win32_1.1.100.202309141235/tools/bin/../lib/gcc/arm-none-eabi/11.3.1/thumb/v7e-m+fp/hard/crtn.o
 *(.fini)
 .fini          0x0000000008000d58        0x4 D:/stmcubeide/STM32CubeIDE_1.14.1/STM32CubeIDE/plugins/com.st.stm32cube.ide.mcu.externaltools.gnu-tools-for-stm32.11.3.rel1.win32_1.1.100.202309141235/tools/bin/../lib/gcc/arm-none-eabi/11.3.1/thumb/v7e-m+fp/hard/crti.o
                0x0000000008000d58                _fini
 .fini          0x0000000008000d5c        0x8 D:/stmcubeide/STM32CubeIDE_1.14.1/STM32CubeIDE/plugins/com.st.stm32cube.ide.mcu.externaltools.gnu-tools-for-stm32.11.3.rel1.win32_1.1.100.202309141235/tools/bin/../lib/gcc/arm-none-eabi/11.3.1/thumb/v7e-m+fp/hard/crtn.o
                0x0000000008000d64                . = ALIGN (0x4)
                0x0000000008000d64                _etext = .

.vfp11_veneer   0x0000000008000d64        0x0
 .vfp11_veneer  0x0000000008000d64        0x0 linker stubs

.v4_bx          0x0000000008000d64        0x0
 .v4_bx         0x0000000008000d64        0x0 linker stubs

.iplt           0x0000000008000d64        0x0
 .iplt          0x0000000008000d64        0x0 D:/stmcubeide/STM32CubeIDE_1.14.1/STM32CubeIDE/plugins/com.st.stm32cube.ide.mcu.externaltools.gnu-tools-for-stm32.11.3.rel1.win32_1.1.100.202309141235/tools/bin/../lib/gcc/arm-none-eabi/11.3.1/thumb/v7e-m+fp/hard/crtbegin.o

.rel.dyn        0x0000000008000d64        0x0
 .rel.iplt      0x0000000008000d64        0x0 D:/stmcubeide/STM32CubeIDE_1.14.1/STM32CubeIDE/plugins/com.st.stm32cube.ide.mcu.externaltools.gnu-tools-for-stm32.11.3.rel1.win32_1.1.100.202309141235/tools/bin/../lib/gcc/arm-none-eabi/11.3.1/thumb/v7e-m+fp/hard/crtbegin.o

.rodata         0x0000000008000d64        0x0
                0x0000000008000d64                . = ALIGN (0x4)
 *(.rodata)
 *(.rodata*)
                0x0000000008000d64                . = ALIGN (0x4)

.ARM.extab      0x0000000008000d64        0x0
                0x0000000008000d64                . = ALIGN (0x4)
 *(.ARM.extab* .gnu.linkonce.armextab.*)
                0x0000000008000d64                . = ALIGN (0x4)

.ARM            0x0000000008000d64        0x0
                0x0000000008000d64                . = ALIGN (0x4)
                0x0000000008000d64                __exidx_start = .
 *(.ARM.exidx*)
                0x0000000008000d64                __exidx_end = .
                0x0000000008000d64                . = ALIGN (0x4)

.preinit_array  0x0000000008000d64        0x0
                0x0000000008000d64                . = ALIGN (0x4)
                0x0000000008000d64                PROVIDE (__preinit_array_start = .)
 *(.preinit_array*)
                0x0000000008000d64                PROVIDE (__preinit_array_end = .)
                0x0000000008000d64                . = ALIGN (0x4)

.init_array     0x0000000008000d64        0x4
                0x0000000008000d64                . = ALIGN (0x4)
                0x0000000008000d64                PROVIDE (__init_array_start = .)
 *(SORT_BY_NAME(.init_array.*))
 *(.init_array*)
 .init_array    0x0000000008000d64        0x4 D:/stmcubeide/STM32CubeIDE_1.14.1/STM32CubeIDE/plugins/com.st.stm32cube.ide.mcu.externaltools.gnu-tools-for-stm32.11.3.rel1.win32_1.1.100.202309141235/tools/bin/../lib/gcc/arm-none-eabi/11.3.1/thumb/v7e-m+fp/hard/crtbegin.o
                0x0000000008000d68                PROVIDE (__init_array_end = .)
                0x0000000008000d68                . = ALIGN (0x4)

.fini_array     0x0000000008000d68        0x4
                0x0000000008000d68                . = ALIGN (0x4)
                [!provide]                        PROVIDE (__fini_array_start = .)
 *(SORT_BY_NAME(.fini_array.*))
 *(.fini_array*)
 .fini_array    0x0000000008000d68        0x4 D:/stmcubeide/STM32CubeIDE_1.14.1/STM32CubeIDE/plugins/com.st.stm32cube.ide.mcu.externaltools.gnu-tools-for-stm32.11.3.rel1.win32_1.1.100.202309141235/tools/bin/../lib/gcc/arm-none-eabi/11.3.1/thumb/v7e-m+fp/hard/crtbegin.o
                [!provide]                        PROVIDE (__fini_array_end = .)
                0x0000000008000d6c                . = ALIGN (0x4)
                0x0000000008000d6c                _sidata = LOADADDR (.data)

.data           0x0000000020000000      0x414 load address 0x0000000008000d6c
                0x0000000020000000                . = ALIGN (0x4)
                0x0000000020000000                _sdata = .
 *(.data)
 *(.data*)
 .data.msg      0x0000000020000000      0x400 ./Src/usart_tx.o
                0x0000000020000000                msg
 .data.AHB_PreScaler
                0x0000000020000400       0x10 ./drivers/Src/stm32f446re_rcc_driver.o
                0x0000000020000400                AHB_PreScaler
 .data.APB1_PreScaler
                0x0000000020000410        0x4 ./drivers/Src/stm32f446re_rcc_driver.o
                0x0000000020000410                APB1_PreScaler
 *(.RamFunc)
 *(.RamFunc*)
                0x0000000020000414                . = ALIGN (0x4)
                0x0000000020000414                _edata = .

.igot.plt       0x0000000020000414        0x0 load address 0x0000000008001180
 .igot.plt      0x0000000020000414        0x0 D:/stmcubeide/STM32CubeIDE_1.14.1/STM32CubeIDE/plugins/com.st.stm32cube.ide.mcu.externaltools.gnu-tools-for-stm32.11.3.rel1.win32_1.1.100.202309141235/tools/bin/../lib/gcc/arm-none-eabi/11.3.1/thumb/v7e-m+fp/hard/crtbegin.o
                0x0000000020000414                . = ALIGN (0x4)

.bss            0x0000000020000414       0x40 load address 0x0000000008001180
                0x0000000020000414                _sbss = .
                0x0000000020000414                __bss_start__ = _sbss
 *(.bss)
 .bss           0x0000000020000414       0x1c D:/stmcubeide/STM32CubeIDE_1.14.1/STM32CubeIDE/plugins/com.st.stm32cube.ide.mcu.externaltools.gnu-tools-for-stm32.11.3.rel1.win32_1.1.100.202309141235/tools/bin/../lib/gcc/arm-none-eabi/11.3.1/thumb/v7e-m+fp/hard/crtbegin.o
 *(.bss*)
 .bss.usart2_handle
                0x0000000020000430       0x24 ./Src/usart_tx.o
                0x0000000020000430                usart2_handle
 *(COMMON)
                0x0000000020000454                . = ALIGN (0x4)
                0x0000000020000454                _ebss = .
                0x0000000020000454                __bss_end__ = _ebss

._user_heap_stack
                0x0000000020000454      0x604 load address 0x0000000008001180
                0x0000000020000458                . = ALIGN (0x8)
 *fill*         0x0000000020000454        0x4 
                [!provide]                        PROVIDE (end = .)
                0x0000000020000458                PROVIDE (_end = .)
                0x0000000020000658                . = (. + _Min_Heap_Size)
 *fill*         0x0000000020000458      0x200 
                0x0000000020000a58                . = (. + _Min_Stack_Size)
 *fill*         0x0000000020000658      0x400 
                0x0000000020000a58                . = ALIGN (0x8)

/DISCARD/
 libc.a(*)
 libm.a(*)
 libgcc.a(*)

.ARM.attributes
                0x0000000000000000       0x30
 *(.ARM.attributes)
 .ARM.attributes
                0x0000000000000000       0x1e D:/stmcubeide/STM32CubeIDE_1.14.1/STM32CubeIDE/plugins/com.st.stm32cube.ide.mcu.externaltools.gnu-tools-for-stm32.11.3.rel1.win32_1.1.100.202309141235/tools/bin/../lib/gcc/arm-none-eabi/11.3.1/thumb/v7e-m+fp/hard/crti.o
 .ARM.attributes
                0x000000000000001e       0x34 D:/stmcubeide/STM32CubeIDE_1.14.1/STM32CubeIDE/plugins/com.st.stm32cube.ide.mcu.externaltools.gnu-tools-for-stm32.11.3.rel1.win32_1.1.100.202309141235/tools/bin/../lib/gcc/arm-none-eabi/11.3.1/thumb/v7e-m+fp/hard/crtbegin.o
 .ARM.attributes
                0x0000000000000052       0x34 ./Src/usart_tx.o
 .ARM.attributes
                0x0000000000000086       0x21 ./Startup/startup_stm32f446retx.o
 .ARM.attributes
                0x00000000000000a7       0x34 ./drivers/Src/stm32f446re_gpio_driver.o
 .ARM.attributes
                0x00000000000000db       0x34 ./drivers/Src/stm32f446re_rcc_driver.o
 .ARM.attributes
                0x000000000000010f       0x34 ./drivers/Src/stm32f446re_usart_driver.o
 .ARM.attributes
                0x0000000000000143       0x34 D:/stmcubeide/STM32CubeIDE_1.14.1/STM32CubeIDE/plugins/com.st.stm32cube.ide.mcu.externaltools.gnu-tools-for-stm32.11.3.rel1.win32_1.1.100.202309141235/tools/bin/../lib/gcc/arm-none-eabi/11.3.1/../../../../arm-none-eabi/lib/thumb/v7e-m+fp/hard\libc_nano.a(libc_a-init.o)
 .ARM.attributes
                0x0000000000000177       0x17 D:/stmcubeide/STM32CubeIDE_1.14.1/STM32CubeIDE/plugins/com.st.stm32cube.ide.mcu.externaltools.gnu-tools-for-stm32.11.3.rel1.win32_1.1.100.202309141235/tools/bin/../lib/gcc/arm-none-eabi/11.3.1/../../../../arm-none-eabi/lib/thumb/v7e-m+fp/hard\libc_nano.a(libc_a-strlen.o)
 .ARM.attributes
                0x000000000000018e       0x1e D:/stmcubeide/STM32CubeIDE_1.14.1/STM32CubeIDE/plugins/com.st.stm32cube.ide.mcu.externaltools.gnu-tools-for-stm32.11.3.rel1.win32_1.1.100.202309141235/tools/bin/../lib/gcc/arm-none-eabi/11.3.1/thumb/v7e-m+fp/hard/crtn.o
OUTPUT(stm32f446re_drivers.elf elf32-littlearm)
LOAD linker stubs
LOAD D:/stmcubeide/STM32CubeIDE_1.14.1/STM32CubeIDE/plugins/com.st.stm32cube.ide.mcu.externaltools.gnu-tools-for-stm32.11.3.rel1.win32_1.1.100.202309141235/tools/bin/../lib/gcc/arm-none-eabi/11.3.1/../../../../arm-none-eabi/lib/thumb/v7e-m+fp/hard\libc.a
LOAD D:/stmcubeide/STM32CubeIDE_1.14.1/STM32CubeIDE/plugins/com.st.stm32cube.ide.mcu.externaltools.gnu-tools-for-stm32.11.3.rel1.win32_1.1.100.202309141235/tools/bin/../lib/gcc/arm-none-eabi/11.3.1/../../../../arm-none-eabi/lib/thumb/v7e-m+fp/hard\libm.a
LOAD D:/stmcubeide/STM32CubeIDE_1.14.1/STM32CubeIDE/plugins/com.st.stm32cube.ide.mcu.externaltools.gnu-tools-for-stm32.11.3.rel1.win32_1.1.100.202309141235/tools/bin/../lib/gcc/arm-none-eabi/11.3.1/thumb/v7e-m+fp/hard\libgcc.a

.comment        0x0000000000000000       0x43
 .comment       0x0000000000000000       0x43 D:/stmcubeide/STM32CubeIDE_1.14.1/STM32CubeIDE/plugins/com.st.stm32cube.ide.mcu.externaltools.gnu-tools-for-stm32.11.3.rel1.win32_1.1.100.202309141235/tools/bin/../lib/gcc/arm-none-eabi/11.3.1/thumb/v7e-m+fp/hard/crtbegin.o
                                         0x44 (size before relaxing)
 .comment       0x0000000000000043       0x44 ./Src/usart_tx.o
 .comment       0x0000000000000043       0x44 ./drivers/Src/stm32f446re_gpio_driver.o
 .comment       0x0000000000000043       0x44 ./drivers/Src/stm32f446re_rcc_driver.o
 .comment       0x0000000000000043       0x44 ./drivers/Src/stm32f446re_usart_driver.o

.debug_info     0x0000000000000000     0x1746
 .debug_info    0x0000000000000000      0x4b3 ./Src/usart_tx.o
 .debug_info    0x00000000000004b3       0x23 ./Startup/startup_stm32f446retx.o
 .debug_info    0x00000000000004d6      0x6c1 ./drivers/Src/stm32f446re_gpio_driver.o
 .debug_info    0x0000000000000b97      0x393 ./drivers/Src/stm32f446re_rcc_driver.o
 .debug_info    0x0000000000000f2a      0x81c ./drivers/Src/stm32f446re_usart_driver.o

.debug_abbrev   0x0000000000000000      0x639
 .debug_abbrev  0x0000000000000000      0x194 ./Src/usart_tx.o
 .debug_abbrev  0x0000000000000194       0x12 ./Startup/startup_stm32f446retx.o
 .debug_abbrev  0x00000000000001a6      0x179 ./drivers/Src/stm32f446re_gpio_driver.o
 .debug_abbrev  0x000000000000031f      0x113 ./drivers/Src/stm32f446re_rcc_driver.o
 .debug_abbrev  0x0000000000000432      0x207 ./drivers/Src/stm32f446re_usart_driver.o

.debug_aranges  0x0000000000000000      0x178
 .debug_aranges
                0x0000000000000000       0x40 ./Src/usart_tx.o
 .debug_aranges
                0x0000000000000040       0x28 ./Startup/startup_stm32f446retx.o
 .debug_aranges
                0x0000000000000068       0x58 ./drivers/Src/stm32f446re_gpio_driver.o
 .debug_aranges
                0x00000000000000c0       0x30 ./drivers/Src/stm32f446re_rcc_driver.o
 .debug_aranges
                0x00000000000000f0       0x88 ./drivers/Src/stm32f446re_usart_driver.o

.debug_rnglists
                0x0000000000000000      0x10e
 .debug_rnglists
                0x0000000000000000       0x2b ./Src/usart_tx.o
 .debug_rnglists
                0x000000000000002b       0x19 ./Startup/startup_stm32f446retx.o
 .debug_rnglists
                0x0000000000000044       0x41 ./drivers/Src/stm32f446re_gpio_driver.o
 .debug_rnglists
                0x0000000000000085       0x21 ./drivers/Src/stm32f446re_rcc_driver.o
 .debug_rnglists
                0x00000000000000a6       0x68 ./drivers/Src/stm32f446re_usart_driver.o

.debug_macro    0x0000000000000000     0x1140
 .debug_macro   0x0000000000000000      0x1ba ./Src/usart_tx.o
 .debug_macro   0x00000000000001ba       0x16 ./Src/usart_tx.o
 .debug_macro   0x00000000000001d0       0x97 ./Src/usart_tx.o
 .debug_macro   0x0000000000000267       0xfd ./Src/usart_tx.o
 .debug_macro   0x0000000000000364       0x16 ./Src/usart_tx.o
 .debug_macro   0x000000000000037a       0x16 ./Src/usart_tx.o
 .debug_macro   0x0000000000000390       0x20 ./Src/usart_tx.o
 .debug_macro   0x00000000000003b0      0x666 ./Src/usart_tx.o
 .debug_macro   0x0000000000000a16       0xc4 ./Src/usart_tx.o
 .debug_macro   0x0000000000000ada       0xc4 ./Src/usart_tx.o
 .debug_macro   0x0000000000000b9e       0x9a ./Src/usart_tx.o
 .debug_macro   0x0000000000000c38      0x108 ./Src/usart_tx.o
 .debug_macro   0x0000000000000d40       0xc2 ./drivers/Src/stm32f446re_gpio_driver.o
 .debug_macro   0x0000000000000e02       0xbe ./drivers/Src/stm32f446re_gpio_driver.o
 .debug_macro   0x0000000000000ec0       0xbc ./drivers/Src/stm32f446re_rcc_driver.o
 .debug_macro   0x0000000000000f7c       0xc2 ./drivers/Src/stm32f446re_usart_driver.o
 .debug_macro   0x000000000000103e      0x102 ./drivers/Src/stm32f446re_usart_driver.o

.debug_line     0x0000000000000000     0x23aa
 .debug_line    0x0000000000000000      0x84c ./Src/usart_tx.o
 .debug_line    0x000000000000084c       0x7b ./Startup/startup_stm32f446retx.o
 .debug_line    0x00000000000008c7      0x9c6 ./drivers/Src/stm32f446re_gpio_driver.o
 .debug_line    0x000000000000128d      0x5e5 ./drivers/Src/stm32f446re_rcc_driver.o
 .debug_line    0x0000000000001872      0xb38 ./drivers/Src/stm32f446re_usart_driver.o

.debug_str      0x0000000000000000     0xa411
 .debug_str     0x0000000000000000     0x9f3b ./Src/usart_tx.o
                                       0xa161 (size before relaxing)
 .debug_str     0x0000000000009f3b       0x2f ./Startup/startup_stm32f446retx.o
                                         0x78 (size before relaxing)
 .debug_str     0x0000000000009f6a      0x268 ./drivers/Src/stm32f446re_gpio_driver.o
                                       0x6a7a (size before relaxing)
 .debug_str     0x000000000000a1d2       0xcc ./drivers/Src/stm32f446re_rcc_driver.o
                                       0x6911 (size before relaxing)
 .debug_str     0x000000000000a29e      0x173 ./drivers/Src/stm32f446re_usart_driver.o
                                       0x6b46 (size before relaxing)

.debug_frame    0x0000000000000000      0x4e0
 .debug_frame   0x0000000000000000       0xb8 ./Src/usart_tx.o
 .debug_frame   0x00000000000000b8      0x150 ./drivers/Src/stm32f446re_gpio_driver.o
 .debug_frame   0x0000000000000208       0x7c ./drivers/Src/stm32f446re_rcc_driver.o
 .debug_frame   0x0000000000000284      0x230 ./drivers/Src/stm32f446re_usart_driver.o
 .debug_frame   0x00000000000004b4       0x2c D:/stmcubeide/STM32CubeIDE_1.14.1/STM32CubeIDE/plugins/com.st.stm32cube.ide.mcu.externaltools.gnu-tools-for-stm32.11.3.rel1.win32_1.1.100.202309141235/tools/bin/../lib/gcc/arm-none-eabi/11.3.1/../../../../arm-none-eabi/lib/thumb/v7e-m+fp/hard\libc_nano.a(libc_a-init.o)

.debug_line_str
                0x0000000000000000       0x6c
 .debug_line_str
                0x0000000000000000       0x6c ./Startup/startup_stm32f446retx.o
                                         0x84 (size before relaxing)
